
> job-seek@0.0.1 start
> nest start

[32m[Nest] 9080  - [39m05/06/2026, 12:37:39 AM [32m    LOG[39m [38;5;3m[NestFactory] [39m[32mStarting Nest application...[39m
[32m[Nest] 9080  - [39m05/06/2026, 12:37:40 AM [32m    LOG[39m [38;5;3m[InstanceLoader] [39m[32mTypeOrmModule dependencies initialized[39m[38;5;3m +203ms[39m
[32m[Nest] 9080  - [39m05/06/2026, 12:37:40 AM [32m    LOG[39m [38;5;3m[InstanceLoader] [39m[32mPassportModule dependencies initialized[39m[38;5;3m +1ms[39m
[32m[Nest] 9080  - [39m05/06/2026, 12:37:40 AM [32m    LOG[39m [38;5;3m[InstanceLoader] [39m[32mJwtModule dependencies initialized[39m[38;5;3m +0ms[39m
[32m[Nest] 9080  - [39m05/06/2026, 12:37:40 AM [32m    LOG[39m [38;5;3m[InstanceLoader] [39m[32mAppModule dependencies initialized[39m[38;5;3m +0ms[39m
[32m[Nest] 9080  - [39m05/06/2026, 12:37:40 AM [32m    LOG[39m [38;5;3m[InstanceLoader] [39m[32mTypeOrmCoreModule dependencies initialized[39m[38;5;3m +131ms[39m
[32m[Nest] 9080  - [39m05/06/2026, 12:37:40 AM [32m    LOG[39m [38;5;3m[InstanceLoader] [39m[32mTypeOrmModule dependencies initialized[39m[38;5;3m +0ms[39m
[32m[Nest] 9080  - [39m05/06/2026, 12:37:40 AM [32m    LOG[39m [38;5;3m[InstanceLoader] [39m[32mTypeOrmModule dependencies initialized[39m[38;5;3m +0ms[39m
[32m[Nest] 9080  - [39m05/06/2026, 12:37:40 AM [32m    LOG[39m [38;5;3m[InstanceLoader] [39m[32mJobsModule dependencies initialized[39m[38;5;3m +82ms[39m
[32m[Nest] 9080  - [39m05/06/2026, 12:37:40 AM [32m    LOG[39m [38;5;3m[InstanceLoader] [39m[32mAuthModule dependencies initialized[39m[38;5;3m +0ms[39m
[32m[Nest] 9080  - [39m05/06/2026, 12:37:40 AM [32m    LOG[39m [38;5;3m[RoutesResolver] [39m[32mAppController {/}:[39m[38;5;3m +7ms[39m
[32m[Nest] 9080  - [39m05/06/2026, 12:37:40 AM [32m    LOG[39m [38;5;3m[RouterExplorer] [39m[32mMapped {/, GET} route[39m[38;5;3m +5ms[39m
[32m[Nest] 9080  - [39m05/06/2026, 12:37:40 AM [32m    LOG[39m [38;5;3m[RouterExplorer] [39m[32mMapped {/ui/jobs/search, GET} route[39m[38;5;3m +1ms[39m
[32m[Nest] 9080  - [39m05/06/2026, 12:37:40 AM [32m    LOG[39m [38;5;3m[RouterExplorer] [39m[32mMapped {/ui/jobs, GET} route[39m[38;5;3m +1ms[39m
[32m[Nest] 9080  - [39m05/06/2026, 12:37:40 AM [32m    LOG[39m [38;5;3m[RouterExplorer] [39m[32mMapped {/ui/jobs/:id, GET} route[39m[38;5;3m +1ms[39m
[32m[Nest] 9080  - [39m05/06/2026, 12:37:40 AM [32m    LOG[39m [38;5;3m[RoutesResolver] [39m[32mJobsController {/jobs}:[39m[38;5;3m +0ms[39m
[32m[Nest] 9080  - [39m05/06/2026, 12:37:40 AM [32m    LOG[39m [38;5;3m[RouterExplorer] [39m[32mMapped {/jobs, GET} route[39m[38;5;3m +1ms[39m
[32m[Nest] 9080  - [39m05/06/2026, 12:37:40 AM [32m    LOG[39m [38;5;3m[RouterExplorer] [39m[32mMapped {/jobs/search, GET} route[39m[38;5;3m +0ms[39m
[32m[Nest] 9080  - [39m05/06/2026, 12:37:40 AM [32m    LOG[39m [38;5;3m[RouterExplorer] [39m[32mMapped {/jobs/employer, GET} route[39m[38;5;3m +1ms[39m
[32m[Nest] 9080  - [39m05/06/2026, 12:37:40 AM [32m    LOG[39m [38;5;3m[RouterExplorer] [39m[32mMapped {/jobs, POST} route[39m[38;5;3m +1ms[39m
[32m[Nest] 9080  - [39m05/06/2026, 12:37:40 AM [32m    LOG[39m [38;5;3m[RouterExplorer] [39m[32mMapped {/jobs/:id, PUT} route[39m[38;5;3m +0ms[39m
[32m[Nest] 9080  - [39m05/06/2026, 12:37:40 AM [32m    LOG[39m [38;5;3m[RouterExplorer] [39m[32mMapped {/jobs/:id, DELETE} route[39m[38;5;3m +1ms[39m
[32m[Nest] 9080  - [39m05/06/2026, 12:37:40 AM [32m    LOG[39m [38;5;3m[RouterExplorer] [39m[32mMapped {/jobs/:id, GET} route[39m[38;5;3m +1ms[39m
[32m[Nest] 9080  - [39m05/06/2026, 12:37:40 AM [32m    LOG[39m [38;5;3m[RoutesResolver] [39m[32mAuthController {/auth}:[39m[38;5;3m +0ms[39m
[32m[Nest] 9080  - [39m05/06/2026, 12:37:40 AM [32m    LOG[39m [38;5;3m[RouterExplorer] [39m[32mMapped {/auth/register, POST} route[39m[38;5;3m +1ms[39m
[32m[Nest] 9080  - [39m05/06/2026, 12:37:40 AM [32m    LOG[39m [38;5;3m[RouterExplorer] [39m[32mMapped {/auth/login, POST} route[39m[38;5;3m +0ms[39m
[32m[Nest] 9080  - [39m05/06/2026, 12:37:40 AM [32m    LOG[39m [38;5;3m[NestApplication] [39m[32mNest application successfully started[39m[38;5;3m +18ms[39m
[31m[Nest] 9080  - [39m05/06/2026, 12:37:40 AM [31m  ERROR[39m [38;5;3m[NestApplication] [39m[31mError: listen EADDRINUSE: address already in use :::3000[39m[38;5;3m +4ms[39m
node:net:2008
    const ex = new UVExceptionWithHostPort(err, 'listen', address, port);
               ^

Error: listen EADDRINUSE: address already in use :::3000
    at Server.setupListenHandle [as _listen2] (node:net:2008:16)
    at listenInCluster (node:net:2065:12)
    at Server.listen (node:net:2170:7)
    at ExpressAdapter.listen (C:\Users\Tracy\Desktop\JobSeek\job-seek\node_modules\@nestjs\platform-express\adapters\express-adapter.js:115:32)
    at C:\Users\Tracy\Desktop\JobSeek\job-seek\node_modules\@nestjs\core\nest-application.js:188:30
    at new Promise (<anonymous>)
    at NestApplication.listen (C:\Users\Tracy\Desktop\JobSeek\job-seek\node_modules\@nestjs\core\nest-application.js:178:16)
    at process.processTicksAndRejections (node:internal/process/task_queues:104:5)
    at async bootstrap (C:\Users\Tracy\Desktop\JobSeek\job-seek\src\main.ts:17:3) {
  code: 'EADDRINUSE',
  errno: -4091,
  syscall: 'listen',
  address: '::',
  port: 3000
}

Node.js v25.6.0
